#-----------------------------------------------------------
# Vivado v2015.2 (64-bit)
# SW Build 1266856 on Fri Jun 26 16:35:25 MDT 2015
# IP Build 1264090 on Wed Jun 24 14:22:01 MDT 2015
# Start of session at: Sat Nov 19 21:24:39 2016
# Process ID: 6028
# Log file: Z:/NTNU/TFE4141/Project/RSA/vivado.log
# Journal file: Z:/NTNU/TFE4141/Project/RSA\vivado.jou
#-----------------------------------------------------------
start_gui
open_project Z:/NTNU/TFE4141/Project/RSA/RSA.xpr
update_compile_order -fileset sources_1
update_compile_order -fileset sources_1
update_compile_order -fileset sources_1
update_compile_order -fileset sources_1
reset_run synth_1
launch_runs synth_1
wait_on_run synth_1
reset_run synth_1
launch_runs synth_1
wait_on_run synth_1
reset_run synth_1
launch_runs synth_1
wait_on_run synth_1
reset_run synth_1
launch_runs synth_1
wait_on_run synth_1
reset_run synth_1
launch_runs synth_1
wait_on_run synth_1
reset_run synth_1
launch_runs synth_1
wait_on_run synth_1
reset_run synth_1
launch_runs synth_1
wait_on_run synth_1
reset_run synth_1
launch_runs synth_1
wait_on_run synth_1
reset_run synth_1
launch_runs synth_1
wait_on_run synth_1
reset_run synth_1
launch_runs synth_1
wait_on_run synth_1
reset_run synth_1
launch_runs synth_1
wait_on_run synth_1
reset_run synth_1
launch_runs synth_1
wait_on_run synth_1
reset_run synth_1
launch_runs synth_1
wait_on_run synth_1
reset_run synth_1
launch_runs synth_1
wait_on_run synth_1
reset_run synth_1
launch_runs synth_1
wait_on_run synth_1
reset_run synth_1
launch_runs synth_1
wait_on_run synth_1
reset_run synth_1
launch_runs synth_1
wait_on_run synth_1
reset_run synth_1
launch_runs synth_1
wait_on_run synth_1
reset_run synth_1
launch_runs synth_1
wait_on_run synth_1
reset_run synth_1
launch_runs synth_1
wait_on_run synth_1
reset_run synth_1
launch_runs synth_1
wait_on_run synth_1
reset_run synth_1
launch_runs synth_1
wait_on_run synth_1
reset_run synth_1
launch_runs synth_1
wait_on_run synth_1
reset_run synth_1
launch_runs synth_1
wait_on_run synth_1
reset_run synth_1
launch_runs synth_1
wait_on_run synth_1
reset_run synth_1
launch_runs synth_1
wait_on_run synth_1
reset_run synth_1
launch_runs synth_1
wait_on_run synth_1
reset_run synth_1
launch_runs synth_1
wait_on_run synth_1
reset_run synth_1
launch_runs synth_1
wait_on_run synth_1
reset_run synth_1
launch_runs synth_1
wait_on_run synth_1
set_property SOURCE_SET sources_1 [get_filesets sim_1]
import_files -fileset sim_1 C:/Users/student/Downloads/rsa_tb
update_compile_order -fileset sim_1
launch_simulation
source RSA_Monpro_TB.tcl
close_sim
# Disabling source management mode.  This is to allow the top design properties to be set without GUI intervention.
set_property source_mgmt_mode None [current_project]
set_property top RSACoreTestBench [get_filesets sim_1]
set_property top_lib xil_defaultlib [get_filesets sim_1]
# Re-enabling previously disabled source management mode.
set_property source_mgmt_mode All [current_project]
update_compile_order -fileset sim_1
launch_simulation
launch_simulation
launch_simulation
launch_simulation
set_property SOURCE_SET sources_1 [get_filesets sim_1]
import_files -fileset sim_1 -force -norecurse C:/Users/student/Downloads/rsa_tb/ComFile.txt
set_property SOURCE_SET sources_1 [get_filesets sim_1]
import_files -fileset sim_1 -force -norecurse {C:/Users/student/Downloads/rsa_tb/SmallComFileFasit.txt C:/Users/student/Downloads/rsa_tb/SmallComFile.txt}
launch_simulation
source RSACoreTestBench.tcl
close_sim
reset_run synth_1
launch_runs synth_1
wait_on_run synth_1
reset_run synth_1
launch_runs synth_1
wait_on_run synth_1
reset_run synth_1
launch_runs synth_1
wait_on_run synth_1
reset_run synth_1
launch_runs synth_1
wait_on_run synth_1
launch_simulation
source RSACoreTestBench.tcl
close_sim
launch_simulation
source RSACoreTestBench.tcl
restart
run 10 us
close_sim
launch_simulation
source RSACoreTestBench.tcl
close_sim
launch_simulation
source RSACoreTestBench.tcl
close_sim
launch_simulation
launch_simulation
source RSACoreTestBench.tcl
restart
run 10 us
restart
run 10 us
close_sim
launch_simulation
source RSACoreTestBench.tcl
restart
run 100 us
close_sim
